\BOOKMARK [0][-]{chapter.1}{\376\377\000C\000a\000p\000i\000t\000o\000l\000u\000l\000\040\000I\000n\000t\000r\000o\000d\000u\000c\000e\000r\000e}{}% 1
\BOOKMARK [1][-]{section.1.1}{\376\377\000C\000o\000n\000t\000e\000x\000t\000u\000l\000\040\000p\000r\000o\000i\000e\000c\000t\000u\000l\000u\000i}{chapter.1}% 2
\BOOKMARK [2][-]{subsection.1.1.1}{\376\377\000S\000u\000b\000s\000e\000c\002\033\000i\000u\000n\000e}{section.1.1}% 3
\BOOKMARK [2][-]{subsection.1.1.2}{\376\377\000A\000l\000t\000e\000\040\000e\000x\000e\000m\000p\000l\000e\000\040\000\356\000n\000\040\000L\000a\000T\000e\000X}{section.1.1}% 4
\BOOKMARK [0][-]{chapter.2}{\376\377\000C\000a\000p\000i\000t\000o\000l\000u\000l\000\040\000O\000b\000i\000e\000c\000t\000i\000v\000e\000l\000e\000\040\000c\000e\000r\000c\000e\000t\001\003\000r\000i\000i}{}% 5
\BOOKMARK [1][-]{section.2.1}{\376\377\000C\000o\000n\002\033\000i\000n\000u\000t}{chapter.2}% 6
\BOOKMARK [1][-]{section.2.2}{\376\377\000S\000e\000c\002\033\000i\000u\000n\000e}{chapter.2}% 7
\BOOKMARK [2][-]{subsection.2.2.1}{\376\377\000S\000u\000b\000s\000e\000c\002\033\000i\000u\000n\000e}{section.2.2}% 8
\BOOKMARK [0][-]{chapter.3}{\376\377\000C\000a\000p\000i\000t\000o\000l\000u\000l\000\040\000S\000t\000u\000d\000i\000u\000\040\000b\000i\000b\000l\000i\000o\000g\000r\000a\000f\000i\000c\000/\000S\000t\000a\000d\000i\000u\000l\000\040\000a\000c\000t\000u\000a\000l\000\040\000\356\000n\000\040\000d\000o\000m\000e\000n\000i\000u}{}% 9
\BOOKMARK [1][-]{section.3.1}{\376\377\000A\000b\000o\000r\000d\001\003\000r\000i\000\040\000s\000i\000m\000i\000l\000a\000r\000e}{chapter.3}% 10
\BOOKMARK [0][-]{chapter.4}{\376\377\000C\000a\000p\000i\000t\000o\000l\000u\000l\000\040\000P\000r\000e\000z\000e\000n\000t\000a\000r\000e\000a\000\040\000p\000r\000o\000i\000e\000c\000t\000u\000l\000u\000i}{}% 11
\BOOKMARK [1][-]{section.4.1}{\376\377\000P\000r\000e\000c\000i\000z\001\003\000r\000i\000\040\000a\000s\000u\000p\000r\000a\000\040\000c\000o\000n\002\033\000i\000n\000u\000t\000u\000l\000u\000i\000\040\002\031\000i\000\040\000a\000\040\000m\000o\000d\000u\000l\000u\000i\000\040\000d\000e\000\040\000o\000r\000g\000a\000n\000i\000z\000a\000r\000e}{chapter.4}% 12
\BOOKMARK [2][-]{subsection.4.1.1}{\376\377\000S\000u\000b\000s\000e\000c\002\033\000i\000u\000n\000e}{section.4.1}% 13
\BOOKMARK [0][-]{chapter.5}{\376\377\000C\000a\000p\000i\000t\000o\000l\000u\000l\000\040\000R\000e\000z\000u\000l\000t\000a\000t\000e\000\040\000t\000e\000o\000r\000e\000t\000i\000c\000e\000\040\002\031\000i\000\040\000e\000x\000p\000e\000r\000i\000m\000e\000n\000t\000a\000l\000e}{}% 14
\BOOKMARK [0][-]{chapter.6}{\376\377\000C\000a\000p\000i\000t\000o\000l\000u\000l\000\040\000C\000o\000n\000c\000l\000u\000z\000i\000i}{}% 15
\BOOKMARK [1][-]{section.6.1}{\376\377\000C\000o\000n\002\033\000i\000n\000u\000t}{chapter.6}% 16
\BOOKMARK [1][-]{section.6.2}{\376\377\000D\000e\000t\000a\000l\000i\000i\000\040\000t\000e\000h\000n\000i\000c\000e}{chapter.6}% 17
\BOOKMARK [2][-]{subsection.6.2.1}{\376\377\000D\000i\000m\000e\000n\000s\000i\000u\000n\000e}{section.6.2}% 18
\BOOKMARK [0][-]{chapter*.3}{\376\377\000B\000i\000b\000l\000i\000o\000g\000r\000a\000f\000i\000e}{}% 19
\BOOKMARK [0][-]{appendix.A}{\376\377\000A\000n\000e\000x\000a\000\040\000D\000i\000v\000e\000r\000s\000e\000\040\000a\000n\000e\000x\000e}{}% 20
\BOOKMARK [0][-]{appendix.B}{\376\377\000A\000n\000e\000x\000a\000\040\000D\000e\000m\000o\000n\000s\000t\000r\000a\002\033\000i\000i\000\040\000m\000a\000t\000e\000m\000a\000t\000i\000c\000e\000\040\000d\000e\000t\000a\000l\000i\000a\000t\000e\000\040\000\050\000d\000a\000c\001\003\000\040\000e\000x\000i\000s\000t\001\003\000\051}{}% 21
\BOOKMARK [0][-]{appendix.C}{\376\377\000A\000n\000e\000x\000a\000\040\000P\000s\000e\000u\000d\000o\000-\000c\000o\000d\000\040\000s\000a\000u\000\040\000c\000o\000d\000\040\000\050\000d\000a\000c\001\003\000\040\000e\000x\000i\000s\000t\001\003\000\051}{}% 22
\BOOKMARK [0][-]{appendix.D}{\376\377\000A\000n\000e\000x\000a\000\040\000A\000r\000t\000i\000c\000o\000l\000e\000\040\000p\000u\000b\000l\000i\000c\000a\000t\000e}{}% 23
